Analysis & Synthesis report for super_hash_processor
Mon Jun 05 14:01:54 2017
Quartus Prime Version 16.1.0 Build 196 10/24/2016 SJ Lite Edition


---------------------
; Table of Contents ;
---------------------
  1. Legal Notice
  2. Analysis & Synthesis Summary
  3. Analysis & Synthesis Settings
  4. Parallel Compilation
  5. Analysis & Synthesis Source Files Read
  6. Analysis & Synthesis Resource Usage Summary
  7. Analysis & Synthesis Resource Utilization by Entity
  8. State Machine - |super_hash_processor|state
  9. Registers Removed During Synthesis
 10. General Register Statistics
 11. Physical Synthesis Netlist Optimizations
 12. Multiplexer Restructuring Statistics (Restructuring Performed)
 13. Parameter Settings for User Entity Instance: Top-level Entity: |super_hash_processor
 14. Post-Synthesis Netlist Statistics for Top Partition
 15. Elapsed Time Per Partition
 16. Analysis & Synthesis Messages



----------------
; Legal Notice ;
----------------
Copyright (C) 2016  Intel Corporation. All rights reserved.
Your use of Intel Corporation's design tools, logic functions 
and other software and tools, and its AMPP partner logic 
functions, and any output files from any of the foregoing 
(including device programming or simulation files), and any 
associated documentation or information are expressly subject 
to the terms and conditions of the Intel Program License 
Subscription Agreement, the Intel Quartus Prime License Agreement,
the Intel MegaCore Function License Agreement, or other 
applicable license agreement, including, without limitation, 
that your use is for the sole purpose of programming logic 
devices manufactured by Intel and sold by Intel or its 
authorized distributors.  Please refer to the applicable 
agreement for further details.



+---------------------------------------------------------------------------------+
; Analysis & Synthesis Summary                                                    ;
+-----------------------------------+---------------------------------------------+
; Analysis & Synthesis Status       ; Successful - Mon Jun 05 14:01:54 2017       ;
; Quartus Prime Version             ; 16.1.0 Build 196 10/24/2016 SJ Lite Edition ;
; Revision Name                     ; super_hash_processor                        ;
; Top-level Entity Name             ; super_hash_processor                        ;
; Family                            ; Arria II GX                                 ;
; Logic utilization                 ; N/A                                         ;
;     Combinational ALUTs           ; 2,188                                       ;
;     Memory ALUTs                  ; 0                                           ;
;     Dedicated logic registers     ; 1,117                                       ;
; Total registers                   ; 1117                                        ;
; Total pins                        ; 184                                         ;
; Total virtual pins                ; 0                                           ;
; Total block memory bits           ; 0                                           ;
; DSP block 18-bit elements         ; 0                                           ;
; Total GXB Receiver Channel PCS    ; 0                                           ;
; Total GXB Receiver Channel PMA    ; 0                                           ;
; Total GXB Transmitter Channel PCS ; 0                                           ;
; Total GXB Transmitter Channel PMA ; 0                                           ;
; Total PLLs                        ; 0                                           ;
; Total DLLs                        ; 0                                           ;
+-----------------------------------+---------------------------------------------+


+-------------------------------------------------------------------------------------------------------------------------------+
; Analysis & Synthesis Settings                                                                                                 ;
+---------------------------------------------------------------------------------+----------------------+----------------------+
; Option                                                                          ; Setting              ; Default Value        ;
+---------------------------------------------------------------------------------+----------------------+----------------------+
; Device                                                                          ; EP2AGX45DF29I5       ;                      ;
; Top-level entity name                                                           ; super_hash_processor ; super_hash_processor ;
; Family name                                                                     ; Arria II GX          ; Cyclone V            ;
; Use smart compilation                                                           ; Off                  ; Off                  ;
; Enable parallel Assembler and TimeQuest Timing Analyzer during compilation      ; On                   ; On                   ;
; Enable compact report table                                                     ; Off                  ; Off                  ;
; Restructure Multiplexers                                                        ; Auto                 ; Auto                 ;
; MLAB Add Timing Constraints For Mixed-Port Feed-Through Mode Setting Don't Care ; Off                  ; Off                  ;
; Create Debugging Nodes for IP Cores                                             ; Off                  ; Off                  ;
; Preserve fewer node names                                                       ; On                   ; On                   ;
; OpenCore Plus hardware evaluation                                               ; Enable               ; Enable               ;
; Verilog Version                                                                 ; Verilog_2001         ; Verilog_2001         ;
; VHDL Version                                                                    ; VHDL_1993            ; VHDL_1993            ;
; State Machine Processing                                                        ; Auto                 ; Auto                 ;
; Safe State Machine                                                              ; Off                  ; Off                  ;
; Extract Verilog State Machines                                                  ; On                   ; On                   ;
; Extract VHDL State Machines                                                     ; On                   ; On                   ;
; Ignore Verilog initial constructs                                               ; Off                  ; Off                  ;
; Iteration limit for constant Verilog loops                                      ; 5000                 ; 5000                 ;
; Iteration limit for non-constant Verilog loops                                  ; 250                  ; 250                  ;
; Add Pass-Through Logic to Inferred RAMs                                         ; On                   ; On                   ;
; Infer RAMs from Raw Logic                                                       ; On                   ; On                   ;
; Parallel Synthesis                                                              ; On                   ; On                   ;
; DSP Block Balancing                                                             ; Auto                 ; Auto                 ;
; NOT Gate Push-Back                                                              ; On                   ; On                   ;
; Power-Up Don't Care                                                             ; On                   ; On                   ;
; Remove Redundant Logic Cells                                                    ; Off                  ; Off                  ;
; Remove Duplicate Registers                                                      ; On                   ; On                   ;
; Ignore CARRY Buffers                                                            ; Off                  ; Off                  ;
; Ignore CASCADE Buffers                                                          ; Off                  ; Off                  ;
; Ignore GLOBAL Buffers                                                           ; Off                  ; Off                  ;
; Ignore ROW GLOBAL Buffers                                                       ; Off                  ; Off                  ;
; Ignore LCELL Buffers                                                            ; Off                  ; Off                  ;
; Ignore SOFT Buffers                                                             ; On                   ; On                   ;
; Limit AHDL Integers to 32 Bits                                                  ; Off                  ; Off                  ;
; Optimization Technique                                                          ; Balanced             ; Balanced             ;
; Carry Chain Length                                                              ; 70                   ; 70                   ;
; Auto Carry Chains                                                               ; On                   ; On                   ;
; Auto Open-Drain Pins                                                            ; On                   ; On                   ;
; Perform WYSIWYG Primitive Resynthesis                                           ; Off                  ; Off                  ;
; Auto ROM Replacement                                                            ; On                   ; On                   ;
; Auto RAM Replacement                                                            ; On                   ; On                   ;
; Auto DSP Block Replacement                                                      ; On                   ; On                   ;
; Auto Shift Register Replacement                                                 ; Auto                 ; Auto                 ;
; Allow Shift Register Merging across Hierarchies                                 ; Auto                 ; Auto                 ;
; Auto Clock Enable Replacement                                                   ; On                   ; On                   ;
; Strict RAM Replacement                                                          ; Off                  ; Off                  ;
; Allow Synchronous Control Signals                                               ; On                   ; On                   ;
; Force Use of Synchronous Clear Signals                                          ; Off                  ; Off                  ;
; Auto RAM Block Balancing                                                        ; On                   ; On                   ;
; Auto RAM to Logic Cell Conversion                                               ; Off                  ; Off                  ;
; Auto Resource Sharing                                                           ; Off                  ; Off                  ;
; Allow Any RAM Size For Recognition                                              ; Off                  ; Off                  ;
; Allow Any ROM Size For Recognition                                              ; Off                  ; Off                  ;
; Allow Any Shift Register Size For Recognition                                   ; Off                  ; Off                  ;
; Use LogicLock Constraints during Resource Balancing                             ; On                   ; On                   ;
; Ignore translate_off and synthesis_off directives                               ; Off                  ; Off                  ;
; Timing-Driven Synthesis                                                         ; On                   ; On                   ;
; Report Parameter Settings                                                       ; On                   ; On                   ;
; Report Source Assignments                                                       ; On                   ; On                   ;
; Report Connectivity Checks                                                      ; On                   ; On                   ;
; Ignore Maximum Fan-Out Assignments                                              ; Off                  ; Off                  ;
; Synchronization Register Chain Length                                           ; 3                    ; 3                    ;
; PowerPlay Power Optimization During Synthesis                                   ; Normal compilation   ; Normal compilation   ;
; HDL message level                                                               ; Level2               ; Level2               ;
; Suppress Register Optimization Related Messages                                 ; Off                  ; Off                  ;
; Number of Removed Registers Reported in Synthesis Report                        ; 5000                 ; 5000                 ;
; Number of Swept Nodes Reported in Synthesis Report                              ; 5000                 ; 5000                 ;
; Number of Inverted Registers Reported in Synthesis Report                       ; 100                  ; 100                  ;
; Clock MUX Protection                                                            ; On                   ; On                   ;
; Auto Gated Clock Conversion                                                     ; Off                  ; Off                  ;
; Block Design Naming                                                             ; Auto                 ; Auto                 ;
; SDC constraint protection                                                       ; Off                  ; Off                  ;
; Synthesis Effort                                                                ; Auto                 ; Auto                 ;
; Shift Register Replacement - Allow Asynchronous Clear Signal                    ; On                   ; On                   ;
; Pre-Mapping Resynthesis Optimization                                            ; Off                  ; Off                  ;
; Analysis & Synthesis Message Level                                              ; Medium               ; Medium               ;
; Disable Register Merging Across Hierarchies                                     ; Auto                 ; Auto                 ;
; Resource Aware Inference For Block RAM                                          ; On                   ; On                   ;
+---------------------------------------------------------------------------------+----------------------+----------------------+


+------------------------------------------+
; Parallel Compilation                     ;
+----------------------------+-------------+
; Processors                 ; Number      ;
+----------------------------+-------------+
; Number detected on machine ; 8           ;
; Maximum allowed            ; 4           ;
;                            ;             ;
; Average used               ; 1.00        ;
; Maximum used               ; 4           ;
;                            ;             ;
; Usage by Processor         ; % Time Used ;
;     Processor 1            ; 100.0%      ;
;     Processor 2            ;   0.1%      ;
;     Processor 3            ;   0.1%      ;
;     Processor 4            ;   0.0%      ;
+----------------------------+-------------+


+----------------------------------------------------------------------------------------------------------------------------------------------------------------------+
; Analysis & Synthesis Source Files Read                                                                                                                               ;
+----------------------------------+-----------------+------------------------------+------------------------------------------------------------------------+---------+
; File Name with User-Entered Path ; Used in Netlist ; File Type                    ; File Name with Absolute Path                                           ; Library ;
+----------------------------------+-----------------+------------------------------+------------------------------------------------------------------------+---------+
; super_hash_processor.sv          ; yes             ; User SystemVerilog HDL File  ; C:/Users/Michael/Documents/ECE_111/Assignment6/super_hash_processor.sv ;         ;
+----------------------------------+-----------------+------------------------------+------------------------------------------------------------------------+---------+


+-----------------------------------------------------------+
; Analysis & Synthesis Resource Usage Summary               ;
+-----------------------------------------------+-----------+
; Resource                                      ; Usage     ;
+-----------------------------------------------+-----------+
; Estimated ALUTs Used                          ; 2188      ;
;     -- Combinational ALUTs                    ; 2188      ;
;     -- Memory ALUTs                           ; 0         ;
;     -- LUT_REGs                               ; 0         ;
; Dedicated logic registers                     ; 1117      ;
;                                               ;           ;
; Estimated ALUTs Unavailable                   ; 326       ;
;     -- Due to unpartnered combinational logic ; 326       ;
;     -- Due to Memory ALUTs                    ; 0         ;
;                                               ;           ;
; Total combinational functions                 ; 2188      ;
; Combinational ALUT usage by number of inputs  ;           ;
;     -- 7 input functions                      ; 35        ;
;     -- 6 input functions                      ; 611       ;
;     -- 5 input functions                      ; 257       ;
;     -- 4 input functions                      ; 137       ;
;     -- <=3 input functions                    ; 1148      ;
;                                               ;           ;
; Combinational ALUTs by mode                   ;           ;
;     -- normal mode                            ; 1352      ;
;     -- extended LUT mode                      ; 35        ;
;     -- arithmetic mode                        ; 641       ;
;     -- shared arithmetic mode                 ; 160       ;
;                                               ;           ;
; Estimated ALUT/register pairs used            ; 2937      ;
;                                               ;           ;
; Total registers                               ; 1117      ;
;     -- Dedicated logic registers              ; 1117      ;
;     -- I/O registers                          ; 0         ;
;     -- LUT_REGs                               ; 0         ;
;                                               ;           ;
;                                               ;           ;
; I/O pins                                      ; 184       ;
;                                               ;           ;
; DSP block 18-bit elements                     ; 0         ;
;                                               ;           ;
; Maximum fan-out node                          ; clk~input ;
; Maximum fan-out                               ; 1118      ;
; Total fan-out                                 ; 13530     ;
; Average fan-out                               ; 3.68      ;
+-----------------------------------------------+-----------+


+---------------------------------------------------------------------------------------------------------------------------------------------------------------------------------------------------------------------------------------------------+
; Analysis & Synthesis Resource Utilization by Entity                                                                                                                                                                                               ;
+----------------------------+---------------------+---------------------------+-------------------+--------------+---------+-----------+-----------+-----------+------+--------------+-----------------------+----------------------+--------------+
; Compilation Hierarchy Node ; Combinational ALUTs ; Dedicated Logic Registers ; Block Memory Bits ; DSP Elements ; DSP 9x9 ; DSP 12x12 ; DSP 18x18 ; DSP 36x36 ; Pins ; Virtual Pins ; Full Hierarchy Name   ; Entity Name          ; Library Name ;
+----------------------------+---------------------+---------------------------+-------------------+--------------+---------+-----------+-----------+-----------+------+--------------+-----------------------+----------------------+--------------+
; |super_hash_processor      ; 2188 (2188)         ; 1117 (1117)               ; 0                 ; 0            ; 0       ; 0         ; 0         ; 0         ; 184  ; 0            ; |super_hash_processor ; super_hash_processor ; work         ;
+----------------------------+---------------------+---------------------------+-------------------+--------------+---------+-----------+-----------+-----------+------+--------------+-----------------------+----------------------+--------------+
Note: For table entries with two numbers listed, the numbers in parentheses indicate the number of resources of the given type used by the specific entity alone. The numbers listed outside of parentheses indicate the total resources of the given type used by the specific entity and all of its sub-entities in the hierarchy.


Encoding Type:  One-Hot
+------------------------------------------------------------------+
; State Machine - |super_hash_processor|state                      ;
+-------------+-------------+------------+------------+------------+
; Name        ; state.WRITE ; state.READ ; state.COMP ; state.IDLE ;
+-------------+-------------+------------+------------+------------+
; state.IDLE  ; 0           ; 0          ; 0          ; 0          ;
; state.COMP  ; 0           ; 0          ; 1          ; 1          ;
; state.READ  ; 0           ; 1          ; 0          ; 1          ;
; state.WRITE ; 1           ; 0          ; 0          ; 1          ;
+-------------+-------------+------------+------------+------------+


+------------------------------------------------------------+
; Registers Removed During Synthesis                         ;
+---------------------------------------+--------------------+
; Register name                         ; Reason for Removal ;
+---------------------------------------+--------------------+
; state~8                               ; Lost fanout        ;
; state~9                               ; Lost fanout        ;
; Total Number of Removed Registers = 2 ;                    ;
+---------------------------------------+--------------------+


+------------------------------------------------------+
; General Register Statistics                          ;
+----------------------------------------------+-------+
; Statistic                                    ; Value ;
+----------------------------------------------+-------+
; Total registers                              ; 1117  ;
; Number of registers using Synchronous Clear  ; 160   ;
; Number of registers using Synchronous Load   ; 265   ;
; Number of registers using Asynchronous Clear ; 4     ;
; Number of registers using Asynchronous Load  ; 0     ;
; Number of registers using Clock Enable       ; 1105  ;
; Number of registers using Preset             ; 0     ;
+----------------------------------------------+-------+


+-------------------------------------------------------------+
; Physical Synthesis Netlist Optimizations                    ;
+----------------------------+----------+---------------------+
; Node                       ; Action   ; Reason              ;
+----------------------------+----------+---------------------+
; Add0~2                     ; Modified ; Timing optimization ;
; Add1~1                     ; Modified ; Timing optimization ;
; Add1~2                     ; Modified ; Timing optimization ;
; Add2~2                     ; Modified ; Timing optimization ;
; Add10~2                    ; Modified ; Timing optimization ;
; Add12~2                    ; Modified ; Timing optimization ;
; Add14~2                    ; Modified ; Timing optimization ;
; Add16~1                    ; Modified ; Timing optimization ;
; Add22~0                    ; Modified ; Timing optimization ;
; Add25~5                    ; Modified ; Timing optimization ;
; Add29~2                    ; Modified ; Timing optimization ;
; Add30~1                    ; Modified ; Timing optimization ;
; Add31~1                    ; Modified ; Timing optimization ;
; Add32~1                    ; Modified ; Timing optimization ;
; Add33~1                    ; Modified ; Timing optimization ;
; Add36~1                    ; Modified ; Timing optimization ;
; Add37~1                    ; Modified ; Timing optimization ;
; Add38~2                    ; Modified ; Timing optimization ;
; Add40~2                    ; Modified ; Timing optimization ;
; Equal0~0                   ; Deleted  ; Timing optimization ;
; Equal0~1                   ; Modified ; Timing optimization ;
; Equal0~1_RESYN52_BDD53     ; Created  ; Timing optimization ;
; Equal0~2                   ; Deleted  ; Timing optimization ;
; Equal0~5                   ; Modified ; Timing optimization ;
; Equal0~7                   ; Deleted  ; Timing optimization ;
; Equal0~10                  ; Modified ; Timing optimization ;
; Equal0~10_RESYN2_BDD3      ; Created  ; Timing optimization ;
; Equal0~10_RESYN4_BDD5      ; Created  ; Timing optimization ;
; Equal0~18                  ; Deleted  ; Timing optimization ;
; Equal0~19                  ; Modified ; Timing optimization ;
; Equal0~19_RESYN6_BDD7      ; Created  ; Timing optimization ;
; Equal3~1                   ; Modified ; Timing optimization ;
; LessThan0~3                ; Deleted  ; Timing optimization ;
; LessThan0~5                ; Modified ; Timing optimization ;
; LessThan0~5_RESYN50_BDD51  ; Created  ; Timing optimization ;
; LessThan0~9                ; Modified ; Timing optimization ;
; LessThan9~3                ; Modified ; Timing optimization ;
; LessThan9~11               ; Modified ; Timing optimization ;
; Mux106~0                   ; Modified ; Timing optimization ;
; Mux107~3                   ; Modified ; Timing optimization ;
; Mux109~3                   ; Modified ; Timing optimization ;
; Mux120~2                   ; Modified ; Timing optimization ;
; Mux120~2_RESYN16_BDD17     ; Created  ; Timing optimization ;
; Mux120~2_RESYN18_BDD19     ; Created  ; Timing optimization ;
; Mux120~2_RESYN20_BDD21     ; Created  ; Timing optimization ;
; Mux120~3                   ; Deleted  ; Timing optimization ;
; Mux120~4                   ; Deleted  ; Timing optimization ;
; Mux120~5                   ; Deleted  ; Timing optimization ;
; Mux123~3                   ; Modified ; Timing optimization ;
; Mux124~3                   ; Modified ; Timing optimization ;
; Mux125~3                   ; Modified ; Timing optimization ;
; Mux126~2                   ; Modified ; Timing optimization ;
; Mux126~2_RESYN14_BDD15     ; Created  ; Timing optimization ;
; Mux126~3                   ; Deleted  ; Timing optimization ;
; Mux127~2                   ; Modified ; Timing optimization ;
; Mux127~2_RESYN12_BDD13     ; Created  ; Timing optimization ;
; Mux127~3                   ; Deleted  ; Timing optimization ;
; Mux128~2                   ; Modified ; Timing optimization ;
; Mux128~2_RESYN10_BDD11     ; Created  ; Timing optimization ;
; Mux128~3                   ; Deleted  ; Timing optimization ;
; Mux129~2                   ; Modified ; Timing optimization ;
; Mux129~2_RESYN8_BDD9       ; Created  ; Timing optimization ;
; Mux129~3                   ; Deleted  ; Timing optimization ;
; Selector75~0               ; Modified ; Timing optimization ;
; Selector76~0               ; Modified ; Timing optimization ;
; Selector76~3               ; Modified ; Timing optimization ;
; Selector151~0              ; Modified ; Timing optimization ;
; Selector183~0              ; Modified ; Timing optimization ;
; Selector425~0              ; Modified ; Timing optimization ;
; Selector426~0              ; Modified ; Timing optimization ;
; Selector427~0              ; Modified ; Timing optimization ;
; Selector471~0              ; Modified ; Timing optimization ;
; Selector503~0              ; Modified ; Timing optimization ;
; Selector535~0              ; Modified ; Timing optimization ;
; Selector599~0              ; Modified ; Timing optimization ;
; Selector631~0              ; Modified ; Timing optimization ;
; t[0]~4                     ; Modified ; Timing optimization ;
; w_in[0]~25                 ; Modified ; Timing optimization ;
; w_in[0]~69                 ; Modified ; Timing optimization ;
; w_in[1]~150                ; Deleted  ; Timing optimization ;
; w_in[1]~152                ; Modified ; Timing optimization ;
; w_in[1]~152_RESYN42_BDD43  ; Created  ; Timing optimization ;
; w_in[1]~152_RESYN44_BDD45  ; Created  ; Timing optimization ;
; w_in[1]~152_RESYN46_BDD47  ; Created  ; Timing optimization ;
; w_in[1]~152_RESYN48_BDD49  ; Created  ; Timing optimization ;
; w_in[1]~313                ; Deleted  ; Timing optimization ;
; w_in[2]~143                ; Deleted  ; Timing optimization ;
; w_in[2]~145                ; Modified ; Timing optimization ;
; w_in[2]~145_RESYN34_BDD35  ; Created  ; Timing optimization ;
; w_in[2]~145_RESYN36_BDD37  ; Created  ; Timing optimization ;
; w_in[2]~145_RESYN38_BDD39  ; Created  ; Timing optimization ;
; w_in[2]~145_RESYN40_BDD41  ; Created  ; Timing optimization ;
; w_in[2]~310                ; Deleted  ; Timing optimization ;
; w_in[16]~155               ; Deleted  ; Timing optimization ;
; w_in[16]~160               ; Deleted  ; Timing optimization ;
; w_in[16]~336               ; Modified ; Timing optimization ;
; w_in[16]~336_RESYN26_BDD27 ; Created  ; Timing optimization ;
; w_in[16]~336_RESYN28_BDD29 ; Created  ; Timing optimization ;
; w_in[16]~338               ; Modified ; Timing optimization ;
; w_in[16]~338_RESYN22_BDD23 ; Created  ; Timing optimization ;
; w_in[17]~181               ; Deleted  ; Timing optimization ;
; w_in[17]~186               ; Deleted  ; Timing optimization ;
; w_in[17]~340               ; Modified ; Timing optimization ;
; w_in[17]~340_RESYN30_BDD31 ; Created  ; Timing optimization ;
; w_in[17]~340_RESYN32_BDD33 ; Created  ; Timing optimization ;
; w_in[17]~342               ; Modified ; Timing optimization ;
; w_in[17]~342_RESYN24_BDD25 ; Created  ; Timing optimization ;
+----------------------------+----------+---------------------+


+-------------------------------------------------------------------------------------------------------------------------------------------------------------+
; Multiplexer Restructuring Statistics (Restructuring Performed)                                                                                              ;
+--------------------+-----------+---------------+----------------------+------------------------+------------+-----------------------------------------------+
; Multiplexer Inputs ; Bus Width ; Baseline Area ; Area if Restructured ; Saving if Restructured ; Registered ; Example Multiplexer Output                    ;
+--------------------+-----------+---------------+----------------------+------------------------+------------+-----------------------------------------------+
; 4:1                ; 16 bits   ; 32 ALUTs      ; 0 ALUTs              ; 32 ALUTs               ; Yes        ; |super_hash_processor|wc[10]                  ;
; 5:1                ; 127 bits  ; 381 ALUTs     ; 127 ALUTs            ; 254 ALUTs              ; Yes        ; |super_hash_processor|h0[28]                  ;
; 5:1                ; 129 bits  ; 387 ALUTs     ; 0 ALUTs              ; 387 ALUTs              ; Yes        ; |super_hash_processor|h7[3]                   ;
; 5:1                ; 15 bits   ; 45 ALUTs      ; 30 ALUTs             ; 15 ALUTs               ; Yes        ; |super_hash_processor|d[14]                   ;
; 5:1                ; 17 bits   ; 51 ALUTs      ; 34 ALUTs             ; 17 ALUTs               ; Yes        ; |super_hash_processor|d[21]                   ;
; 6:1                ; 49 bits   ; 196 ALUTs     ; 0 ALUTs              ; 196 ALUTs              ; Yes        ; |super_hash_processor|h[16]                   ;
; 6:1                ; 47 bits   ; 188 ALUTs     ; 94 ALUTs             ; 94 ALUTs               ; Yes        ; |super_hash_processor|g[12]                   ;
; 6:1                ; 39 bits   ; 156 ALUTs     ; 78 ALUTs             ; 78 ALUTs               ; Yes        ; |super_hash_processor|b[14]                   ;
; 6:1                ; 25 bits   ; 100 ALUTs     ; 50 ALUTs             ; 50 ALUTs               ; Yes        ; |super_hash_processor|b[17]                   ;
; 6:1                ; 17 bits   ; 68 ALUTs      ; 34 ALUTs             ; 34 ALUTs               ; Yes        ; |super_hash_processor|c[0]                    ;
; 6:1                ; 15 bits   ; 60 ALUTs      ; 30 ALUTs             ; 30 ALUTs               ; Yes        ; |super_hash_processor|c[29]                   ;
; 7:1                ; 7 bits    ; 28 ALUTs      ; 14 ALUTs             ; 14 ALUTs               ; Yes        ; |super_hash_processor|e[16]                   ;
; 7:1                ; 25 bits   ; 100 ALUTs     ; 50 ALUTs             ; 50 ALUTs               ; Yes        ; |super_hash_processor|e[0]                    ;
; 7:1                ; 16 bits   ; 64 ALUTs      ; 32 ALUTs             ; 32 ALUTs               ; Yes        ; |super_hash_processor|rc[5]                   ;
; 130:1              ; 32 bits   ; 2752 ALUTs    ; 160 ALUTs            ; 2592 ALUTs             ; Yes        ; |super_hash_processor|mem_write_data[12]~reg0 ;
; 135:1              ; 7 bits    ; 630 ALUTs     ; 609 ALUTs            ; 21 ALUTs               ; Yes        ; |super_hash_processor|t[0]                    ;
; 136:1              ; 15 bits   ; 1350 ALUTs    ; 30 ALUTs             ; 1320 ALUTs             ; Yes        ; |super_hash_processor|mem_addr[8]~reg0        ;
; 4:1                ; 32 bits   ; 64 ALUTs      ; 64 ALUTs             ; 0 ALUTs                ; No         ; |super_hash_processor|Selector2               ;
; 5:1                ; 32 bits   ; 96 ALUTs      ; 64 ALUTs             ; 32 ALUTs               ; No         ; |super_hash_processor|f                       ;
; 8:1                ; 32 bits   ; 160 ALUTs     ; 160 ALUTs            ; 0 ALUTs                ; No         ; |super_hash_processor|Mux101                  ;
; 38:1               ; 3 bits    ; 75 ALUTs      ; 42 ALUTs             ; 33 ALUTs               ; No         ; |super_hash_processor|w_in[0]                 ;
; 39:1               ; 4 bits    ; 104 ALUTs     ; 60 ALUTs             ; 44 ALUTs               ; No         ; |super_hash_processor|w_in[4]                 ;
; 40:1               ; 7 bits    ; 182 ALUTs     ; 105 ALUTs            ; 77 ALUTs               ; No         ; |super_hash_processor|w_in[19]                ;
; 40:1               ; 8 bits    ; 208 ALUTs     ; 120 ALUTs            ; 88 ALUTs               ; No         ; |super_hash_processor|w_in[24]                ;
; 40:1               ; 7 bits    ; 182 ALUTs     ; 105 ALUTs            ; 77 ALUTs               ; No         ; |super_hash_processor|w_in[8]                 ;
+--------------------+-----------+---------------+----------------------+------------------------+------------+-----------------------------------------------+


+------------------------------------------------------------------------------------------------------------------+
; Parameter Settings for User Entity Instance: Top-level Entity: |super_hash_processor                             ;
+----------------+----------------------------------------------------------------------------------+--------------+
; Parameter Name ; Value                                                                            ; Type         ;
+----------------+----------------------------------------------------------------------------------+--------------+
; md5_k          ; (-680876936,-389564586,606105819,-1044525330,-176418897,1200080426,-1473231341,- ; Array/Record ;
; md5_k          ; 45705983,1770035416,-1958414417,-42063,-1990404162,1804603682,-40341101,-1502002 ;              ;
; md5_k          ; 290,1236535329,-165796510,-1069501632,643717713,-373897302,-701558691,38016083,- ;              ;
; md5_k          ; 660478335,-405537848,568446438,-1019803690,-187363961,1163531501,-1444681467,-51 ;              ;
; md5_k          ; 403784,1735328473,-1926607734,-378558,-2022574463,1839030562,-35309556,-15309920 ;              ;
; md5_k          ; 60,1272893353,-155497632,-1094730640,681279174,-358537222,-722521979,76029189,-6 ;              ;
; md5_k          ; 40364487,-421815835,530742520,-995338651,-198630844,1126891415,-1416354905,-5743 ;              ;
; md5_k          ; 4055,1700485571,-1894986606,-1051523,-2054922799,1873313359,-30611744,-156019838 ;              ;
;                ; 0,1309151649,-145523070,-1120210379,718787259,-343485551)                        ;              ;
; sha256_k       ; (1116352408,1899447441,-1245643825,-373957723,961987163,1508970993,-1841331548,- ; Array/Record ;
; sha256_k       ; 1424204075,-670586216,310598401,607225278,1426881987,1925078388,-2132889090,-168 ;              ;
; sha256_k       ; 0079193,-1046744716,-459576895,-272742522,264347078,604807628,770255983,12491501 ;              ;
; sha256_k       ; 22,1555081692,1996064986,-1740746414,-1473132947,-1341970488,-1084653625,-958395 ;              ;
; sha256_k       ; 405,-710438585,113926993,338241895,666307205,773529912,1294757372,1396182291,169 ;              ;
; sha256_k       ; 5183700,1986661051,-2117940946,-1838011259,-1564481375,-1474664885,-1035236496,- ;              ;
; sha256_k       ; 949202525,-778901479,-694614492,-200395387,275423344,430227734,506948616,6590605 ;              ;
; sha256_k       ; 56,883997877,958139571,1322822218,1537002063,1747873779,1955562222,2024104815,-2 ;              ;
;                ; 067236844,-1933114872,-1866530822,-1538233109,-1090935817,-965641998)            ;              ;
+----------------+----------------------------------------------------------------------------------+--------------+
Note: In order to hide this table in the UI and the text report file, please set the "Show Parameter Settings in Synthesis Report" option in "Analysis and Synthesis Settings -> More Settings" to "Off".


+-----------------------------------------------------+
; Post-Synthesis Netlist Statistics for Top Partition ;
+-----------------------+-----------------------------+
; Type                  ; Count                       ;
+-----------------------+-----------------------------+
; arriaii_ff            ; 1117                        ;
;     CLR               ; 4                           ;
;     ENA               ; 729                         ;
;     ENA SCLR          ; 111                         ;
;     ENA SCLR SLD      ; 49                          ;
;     ENA SLD           ; 216                         ;
;     plain             ; 8                           ;
; boundary_port         ; 184                         ;
; stratixiv_lcell_comb  ; 2188                        ;
;     arith             ; 641                         ;
;         0 data inputs ; 2                           ;
;         1 data inputs ; 110                         ;
;         2 data inputs ; 376                         ;
;         3 data inputs ; 10                          ;
;         4 data inputs ; 64                          ;
;         5 data inputs ; 79                          ;
;     extend            ; 35                          ;
;         7 data inputs ; 35                          ;
;     normal            ; 1352                        ;
;         0 data inputs ; 1                           ;
;         1 data inputs ; 2                           ;
;         2 data inputs ; 80                          ;
;         3 data inputs ; 409                         ;
;         4 data inputs ; 71                          ;
;         5 data inputs ; 178                         ;
;         6 data inputs ; 611                         ;
;     shared            ; 160                         ;
;         2 data inputs ; 1                           ;
;         3 data inputs ; 157                         ;
;         4 data inputs ; 2                           ;
;                       ;                             ;
; Max LUT depth         ; 19.10                       ;
; Average LUT depth     ; 10.57                       ;
+-----------------------+-----------------------------+


+-------------------------------+
; Elapsed Time Per Partition    ;
+----------------+--------------+
; Partition Name ; Elapsed Time ;
+----------------+--------------+
; Top            ; 00:00:38     ;
+----------------+--------------+


+-------------------------------+
; Analysis & Synthesis Messages ;
+-------------------------------+
Info: *******************************************************************
Info: Running Quartus Prime Analysis & Synthesis
    Info: Version 16.1.0 Build 196 10/24/2016 SJ Lite Edition
    Info: Processing started: Mon Jun 05 14:00:42 2017
Info: Command: quartus_map --read_settings_files=on --write_settings_files=off super_hash_processor -c super_hash_processor
Info (16303): High Performance Effort optimization mode selected -- timing performance will be prioritized at the potential cost of increased compilation time
Warning (18236): Number of processors has not been specified which may cause overloading on shared machines.  Set the global assignment NUM_PARALLEL_PROCESSORS in your QSF to an appropriate value for best performance.
Info (20030): Parallel compilation is enabled and will use 4 of the 4 processors detected
Info (12021): Found 1 design units, including 1 entities, in source file tb_super_hash_processor.sv
    Info (12023): Found entity 1: tb_super_hash_processor File: C:/Users/Michael/Documents/ECE_111/Assignment6/tb_super_hash_processor.sv Line: 1
Info (12021): Found 1 design units, including 1 entities, in source file super_hash_processor.sv
    Info (12023): Found entity 1: super_hash_processor File: C:/Users/Michael/Documents/ECE_111/Assignment6/super_hash_processor.sv Line: 1
Info (12127): Elaborating entity "super_hash_processor" for the top level hierarchy
Warning (10230): Verilog HDL assignment warning at super_hash_processor.sv(157): truncated value with size 32 to match size of target (16) File: C:/Users/Michael/Documents/ECE_111/Assignment6/super_hash_processor.sv Line: 157
Warning (10230): Verilog HDL assignment warning at super_hash_processor.sv(236): truncated value with size 32 to match size of target (16) File: C:/Users/Michael/Documents/ECE_111/Assignment6/super_hash_processor.sv Line: 236
Warning (10230): Verilog HDL assignment warning at super_hash_processor.sv(299): truncated value with size 32 to match size of target (16) File: C:/Users/Michael/Documents/ECE_111/Assignment6/super_hash_processor.sv Line: 299
Warning (10230): Verilog HDL assignment warning at super_hash_processor.sv(300): truncated value with size 32 to match size of target (16) File: C:/Users/Michael/Documents/ECE_111/Assignment6/super_hash_processor.sv Line: 300
Warning (10230): Verilog HDL assignment warning at super_hash_processor.sv(306): truncated value with size 32 to match size of target (16) File: C:/Users/Michael/Documents/ECE_111/Assignment6/super_hash_processor.sv Line: 306
Warning (10230): Verilog HDL assignment warning at super_hash_processor.sv(308): truncated value with size 32 to match size of target (16) File: C:/Users/Michael/Documents/ECE_111/Assignment6/super_hash_processor.sv Line: 308
Warning (10230): Verilog HDL assignment warning at super_hash_processor.sv(316): truncated value with size 32 to match size of target (7) File: C:/Users/Michael/Documents/ECE_111/Assignment6/super_hash_processor.sv Line: 316
Warning (10230): Verilog HDL assignment warning at super_hash_processor.sv(350): truncated value with size 32 to match size of target (16) File: C:/Users/Michael/Documents/ECE_111/Assignment6/super_hash_processor.sv Line: 350
Warning (10230): Verilog HDL assignment warning at super_hash_processor.sv(351): truncated value with size 32 to match size of target (16) File: C:/Users/Michael/Documents/ECE_111/Assignment6/super_hash_processor.sv Line: 351
Warning (10230): Verilog HDL assignment warning at super_hash_processor.sv(361): truncated value with size 32 to match size of target (16) File: C:/Users/Michael/Documents/ECE_111/Assignment6/super_hash_processor.sv Line: 361
Warning (10230): Verilog HDL assignment warning at super_hash_processor.sv(366): truncated value with size 32 to match size of target (16) File: C:/Users/Michael/Documents/ECE_111/Assignment6/super_hash_processor.sv Line: 366
Warning (10230): Verilog HDL assignment warning at super_hash_processor.sv(372): truncated value with size 32 to match size of target (16) File: C:/Users/Michael/Documents/ECE_111/Assignment6/super_hash_processor.sv Line: 372
Warning (10230): Verilog HDL assignment warning at super_hash_processor.sv(378): truncated value with size 32 to match size of target (16) File: C:/Users/Michael/Documents/ECE_111/Assignment6/super_hash_processor.sv Line: 378
Warning (10230): Verilog HDL assignment warning at super_hash_processor.sv(390): truncated value with size 32 to match size of target (16) File: C:/Users/Michael/Documents/ECE_111/Assignment6/super_hash_processor.sv Line: 390
Warning (10230): Verilog HDL assignment warning at super_hash_processor.sv(403): truncated value with size 32 to match size of target (16) File: C:/Users/Michael/Documents/ECE_111/Assignment6/super_hash_processor.sv Line: 403
Warning (10230): Verilog HDL assignment warning at super_hash_processor.sv(410): truncated value with size 32 to match size of target (16) File: C:/Users/Michael/Documents/ECE_111/Assignment6/super_hash_processor.sv Line: 410
Warning (10230): Verilog HDL assignment warning at super_hash_processor.sv(416): truncated value with size 32 to match size of target (16) File: C:/Users/Michael/Documents/ECE_111/Assignment6/super_hash_processor.sv Line: 416
Warning (10230): Verilog HDL assignment warning at super_hash_processor.sv(427): truncated value with size 32 to match size of target (16) File: C:/Users/Michael/Documents/ECE_111/Assignment6/super_hash_processor.sv Line: 427
Info (286030): Timing-Driven Synthesis is running
Info (17049): 2 registers lost all their fanouts during netlist optimizations.
Info (128000): Starting physical synthesis optimizations for speed
Critical Warning (332012): Synopsys Design Constraints File file not found: 'super_hash_processor.sdc'. A Synopsys Design Constraints File is required by the TimeQuest Timing Analyzer to get proper timing constraints. Without it, the Compiler will not properly optimize the design.
Info (332144): No user constrained base clocks found in the design
Info (332143): No user constrained clock uncertainty found in the design. Calling "derive_clock_uncertainty"
Info (332154): The derive_clock_uncertainty command did not apply clock uncertainty to any clock-to-clock transfers.
Info (332128): Timing requirements not specified -- optimizing circuit to achieve the following default global requirements
    Info (332127): Assuming a default timing requirement
Info (332111): Found 1 clocks
    Info (332111):   Period   Clock Name
    Info (332111): ======== ============
    Info (332111):    1.000          clk
Info (128002): Starting physical synthesis algorithm register retiming
Info (128003): Physical synthesis algorithm register retiming complete: estimated slack improvement of 0 ps
Info (128002): Starting physical synthesis algorithm combinational resynthesis using boolean division
Info (128003): Physical synthesis algorithm combinational resynthesis using boolean division complete: estimated slack improvement of 3 ps
Info (128002): Starting physical synthesis algorithm register retiming
Info (128003): Physical synthesis algorithm register retiming complete: estimated slack improvement of 0 ps
Info (128002): Starting physical synthesis algorithm combinational resynthesis using boolean division
Info (128003): Physical synthesis algorithm combinational resynthesis using boolean division complete: estimated slack improvement of 0 ps
Info (128001): Physical synthesis optimizations for speed complete: elapsed time is 00:00:15
Info (16010): Generating hard_block partition "hard_block:auto_generated_inst"
    Info (16011): Adding 0 node(s), including 0 DDIO, 0 PLL, 0 transceiver and 0 LCELL
Warning (21074): Design contains 32 input pin(s) that do not drive logic
    Warning (15610): No output dependent on input pin "message_addr[16]" File: C:/Users/Michael/Documents/ECE_111/Assignment6/super_hash_processor.sv Line: 3
    Warning (15610): No output dependent on input pin "message_addr[17]" File: C:/Users/Michael/Documents/ECE_111/Assignment6/super_hash_processor.sv Line: 3
    Warning (15610): No output dependent on input pin "message_addr[18]" File: C:/Users/Michael/Documents/ECE_111/Assignment6/super_hash_processor.sv Line: 3
    Warning (15610): No output dependent on input pin "message_addr[19]" File: C:/Users/Michael/Documents/ECE_111/Assignment6/super_hash_processor.sv Line: 3
    Warning (15610): No output dependent on input pin "message_addr[20]" File: C:/Users/Michael/Documents/ECE_111/Assignment6/super_hash_processor.sv Line: 3
    Warning (15610): No output dependent on input pin "message_addr[21]" File: C:/Users/Michael/Documents/ECE_111/Assignment6/super_hash_processor.sv Line: 3
    Warning (15610): No output dependent on input pin "message_addr[22]" File: C:/Users/Michael/Documents/ECE_111/Assignment6/super_hash_processor.sv Line: 3
    Warning (15610): No output dependent on input pin "message_addr[23]" File: C:/Users/Michael/Documents/ECE_111/Assignment6/super_hash_processor.sv Line: 3
    Warning (15610): No output dependent on input pin "message_addr[24]" File: C:/Users/Michael/Documents/ECE_111/Assignment6/super_hash_processor.sv Line: 3
    Warning (15610): No output dependent on input pin "message_addr[25]" File: C:/Users/Michael/Documents/ECE_111/Assignment6/super_hash_processor.sv Line: 3
    Warning (15610): No output dependent on input pin "message_addr[26]" File: C:/Users/Michael/Documents/ECE_111/Assignment6/super_hash_processor.sv Line: 3
    Warning (15610): No output dependent on input pin "message_addr[27]" File: C:/Users/Michael/Documents/ECE_111/Assignment6/super_hash_processor.sv Line: 3
    Warning (15610): No output dependent on input pin "message_addr[28]" File: C:/Users/Michael/Documents/ECE_111/Assignment6/super_hash_processor.sv Line: 3
    Warning (15610): No output dependent on input pin "message_addr[29]" File: C:/Users/Michael/Documents/ECE_111/Assignment6/super_hash_processor.sv Line: 3
    Warning (15610): No output dependent on input pin "message_addr[30]" File: C:/Users/Michael/Documents/ECE_111/Assignment6/super_hash_processor.sv Line: 3
    Warning (15610): No output dependent on input pin "message_addr[31]" File: C:/Users/Michael/Documents/ECE_111/Assignment6/super_hash_processor.sv Line: 3
    Warning (15610): No output dependent on input pin "output_addr[16]" File: C:/Users/Michael/Documents/ECE_111/Assignment6/super_hash_processor.sv Line: 3
    Warning (15610): No output dependent on input pin "output_addr[17]" File: C:/Users/Michael/Documents/ECE_111/Assignment6/super_hash_processor.sv Line: 3
    Warning (15610): No output dependent on input pin "output_addr[18]" File: C:/Users/Michael/Documents/ECE_111/Assignment6/super_hash_processor.sv Line: 3
    Warning (15610): No output dependent on input pin "output_addr[19]" File: C:/Users/Michael/Documents/ECE_111/Assignment6/super_hash_processor.sv Line: 3
    Warning (15610): No output dependent on input pin "output_addr[20]" File: C:/Users/Michael/Documents/ECE_111/Assignment6/super_hash_processor.sv Line: 3
    Warning (15610): No output dependent on input pin "output_addr[21]" File: C:/Users/Michael/Documents/ECE_111/Assignment6/super_hash_processor.sv Line: 3
    Warning (15610): No output dependent on input pin "output_addr[22]" File: C:/Users/Michael/Documents/ECE_111/Assignment6/super_hash_processor.sv Line: 3
    Warning (15610): No output dependent on input pin "output_addr[23]" File: C:/Users/Michael/Documents/ECE_111/Assignment6/super_hash_processor.sv Line: 3
    Warning (15610): No output dependent on input pin "output_addr[24]" File: C:/Users/Michael/Documents/ECE_111/Assignment6/super_hash_processor.sv Line: 3
    Warning (15610): No output dependent on input pin "output_addr[25]" File: C:/Users/Michael/Documents/ECE_111/Assignment6/super_hash_processor.sv Line: 3
    Warning (15610): No output dependent on input pin "output_addr[26]" File: C:/Users/Michael/Documents/ECE_111/Assignment6/super_hash_processor.sv Line: 3
    Warning (15610): No output dependent on input pin "output_addr[27]" File: C:/Users/Michael/Documents/ECE_111/Assignment6/super_hash_processor.sv Line: 3
    Warning (15610): No output dependent on input pin "output_addr[28]" File: C:/Users/Michael/Documents/ECE_111/Assignment6/super_hash_processor.sv Line: 3
    Warning (15610): No output dependent on input pin "output_addr[29]" File: C:/Users/Michael/Documents/ECE_111/Assignment6/super_hash_processor.sv Line: 3
    Warning (15610): No output dependent on input pin "output_addr[30]" File: C:/Users/Michael/Documents/ECE_111/Assignment6/super_hash_processor.sv Line: 3
    Warning (15610): No output dependent on input pin "output_addr[31]" File: C:/Users/Michael/Documents/ECE_111/Assignment6/super_hash_processor.sv Line: 3
Info (21057): Implemented 3145 device resources after synthesis - the final resource count might be different
    Info (21058): Implemented 133 input pins
    Info (21059): Implemented 51 output pins
    Info (21061): Implemented 2961 logic cells
Info: Quartus Prime Analysis & Synthesis was successful. 0 errors, 53 warnings
    Info: Peak virtual memory: 872 megabytes
    Info: Processing ended: Mon Jun 05 14:01:54 2017
    Info: Elapsed time: 00:01:12
    Info: Total CPU time (on all processors): 00:01:58


